---
source: src/export/xml_serializer.rs
expression: xml
---
<?xml version="1.0" encoding="UTF-8"?>
<catalog xmlns="http://csrc.nist.gov/ns/oscal/1.0" uuid="550e8400-e29b-41d4-a716-446655440000">
  <metadata>
    <title>Test Policy</title>
    <last-modified>2026-02-15T12:00:00Z</last-modified>
    <version>1.0</version>
    <oscal-version>1.2.0</oscal-version>
  </metadata>
  <group id="access-control">
    <title>Access Control</title>
    <control id="POL-AC-001">
      <title>All users must use MFA.</title>
      <part id="POL-AC-001_smt" name="statement">
        <p>All users must use MFA.</p>
      </part>
    </control>
  </group>
  <back-matter>
    <resource uuid="a1b2c3d4-e5f6-7890-abcd-ef1234567890">
      <title>NIST SP 800-53</title>
      <description>Referenced standard</description>
      <citation>
        <text>NIST SP 800-53 Rev 5</text>
      </citation>
      <rlink href="https://nvd.nist.gov/800-53"/>
    </resource>
  </back-matter>
</catalog>
