---
source: tests/golden_edge_case_tests.rs
expression: json!(catalog_status)
---
{
  "ec01-no-headings": "error-match",
  "ec02-compound-atomic": "golden-match",
  "ec03-empty-sections": "golden-match",
  "ec04-missing-metadata": "golden-match",
  "ec05-whitespace-only": "golden-match",
  "ec06-substantive-change": "golden-match",
  "ec07-malformed-citation": "golden-match",
  "ec10-multiple-errors": "validation-aggregate"
}
